nohup: ignoring input and appending output to 'nohup.out'
Baseline and ONNX creation done
TensorRT engines created
TensorRT engines evaluated
Baseline and ONNX creation done
TensorRT engines created
TensorRT engines evaluated
Baseline and ONNX creation done
TensorRT engines created
TensorRT engines evaluated
Baseline and ONNX creation done
TensorRT engines created
TensorRT engines evaluated
Baseline and ONNX creation done
TensorRT engines created
TensorRT engines evaluated
Baseline and ONNX creation done
TensorRT engines created
TensorRT engines evaluated
Baseline and ONNX creation done
TensorRT engines created
TensorRT engines evaluated
Baseline and ONNX creation done
TensorRT engines created
TensorRT engines evaluated
Baseline and ONNX creation done
TensorRT engines created
TensorRT engines evaluated
Baseline and ONNX creation done
TensorRT engines created
TensorRT engines evaluated
Baseline and ONNX creation done
TensorRT engines created
TensorRT engines evaluated
Baseline and ONNX creation done
TensorRT engines created
TensorRT engines evaluated
Baseline and ONNX creation done
TensorRT engines created
TensorRT engines evaluated
Baseline and ONNX creation done
TensorRT engines created
TensorRT engines evaluated
Baseline and ONNX creation done
TensorRT engines created
TensorRT engines evaluated
Baseline and ONNX creation done
TensorRT engines created
TensorRT engines evaluated
Baseline and ONNX creation done
TensorRT engines created
TensorRT engines evaluated
Baseline and ONNX creation done
TensorRT engines created
TensorRT engines evaluated
Baseline and ONNX creation done
TensorRT engines created
TensorRT engines evaluated
Baseline and ONNX creation done
TensorRT engines created
TensorRT engines evaluated
Baseline and ONNX creation done
TensorRT engines created
TensorRT engines evaluated
Baseline and ONNX creation done
TensorRT engines created
TensorRT engines evaluated
Baseline and ONNX creation done
TensorRT engines created
TensorRT engines evaluated
Baseline and ONNX creation done
TensorRT engines created
TensorRT engines evaluated
Baseline and ONNX creation done
TensorRT engines created
TensorRT engines evaluated
Baseline and ONNX creation done
TensorRT engines created
TensorRT engines evaluated
Baseline and ONNX creation done
TensorRT engines created
TensorRT engines evaluated
Baseline and ONNX creation done
TensorRT engines created
TensorRT engines evaluated
Baseline and ONNX creation done
TensorRT engines created
TensorRT engines evaluated
Baseline and ONNX creation done
TensorRT engines created
TensorRT engines evaluated
Baseline and ONNX creation done
TensorRT engines created
TensorRT engines evaluated
Baseline and ONNX creation done
TensorRT engines created
TensorRT engines evaluated
Baseline and ONNX creation done
TensorRT engines created
TensorRT engines evaluated
Baseline and ONNX creation done
TensorRT engines created
TensorRT engines evaluated
Baseline and ONNX creation done
TensorRT engines created
TensorRT engines evaluated
Baseline and ONNX creation done
TensorRT engines created
TensorRT engines evaluated
Baseline and ONNX creation done
TensorRT engines created
TensorRT engines evaluated
Baseline and ONNX creation done
TensorRT engines created
TensorRT engines evaluated
Baseline and ONNX creation done
TensorRT engines created
TensorRT engines evaluated
Baseline and ONNX creation done
TensorRT engines created
TensorRT engines evaluated
Baseline and ONNX creation done
TensorRT engines created
TensorRT engines evaluated
Baseline and ONNX creation done
TensorRT engines created
TensorRT engines evaluated
Baseline and ONNX creation done
TensorRT engines created
TensorRT engines evaluated
Baseline and ONNX creation done
TensorRT engines created
TensorRT engines evaluated
Baseline and ONNX creation done
TensorRT engines created
TensorRT engines evaluated
Baseline and ONNX creation done
TensorRT engines created
TensorRT engines evaluated
Baseline and ONNX creation done
TensorRT engines created
TensorRT engines evaluated
Baseline and ONNX creation done
TensorRT engines created
TensorRT engines evaluated
Baseline and ONNX creation done
TensorRT engines created
TensorRT engines evaluated
Baseline and ONNX creation done
TensorRT engines created
TensorRT engines evaluated
Baseline and ONNX creation done
TensorRT engines created
TensorRT engines evaluated
Baseline and ONNX creation done
TensorRT engines created
TensorRT engines evaluated
Baseline and ONNX creation done
TensorRT engines created
TensorRT engines evaluated
Baseline and ONNX creation done
TensorRT engines created
TensorRT engines evaluated
Baseline and ONNX creation done
TensorRT engines created
TensorRT engines evaluated
Baseline and ONNX creation done
TensorRT engines created
TensorRT engines evaluated
Baseline and ONNX creation done
TensorRT engines created
TensorRT engines evaluated
Baseline and ONNX creation done
TensorRT engines created
TensorRT engines evaluated
Baseline and ONNX creation done
TensorRT engines created
TensorRT engines evaluated
Baseline and ONNX creation done
TensorRT engines created
TensorRT engines evaluated
Baseline and ONNX creation done
TensorRT engines created
TensorRT engines evaluated
Baseline and ONNX creation done
TensorRT engines created
TensorRT engines evaluated
Baseline and ONNX creation done
TensorRT engines created
TensorRT engines evaluated
Baseline and ONNX creation done
TensorRT engines created
TensorRT engines evaluated
Baseline and ONNX creation done
TensorRT engines created
TensorRT engines evaluated
Baseline and ONNX creation done
TensorRT engines created
TensorRT engines evaluated
Baseline and ONNX creation done
TensorRT engines created
TensorRT engines evaluated
Baseline and ONNX creation done
TensorRT engines created
TensorRT engines evaluated
Baseline and ONNX creation done
TensorRT engines created
TensorRT engines evaluated
Baseline and ONNX creation done
TensorRT engines created
TensorRT engines evaluated
Baseline and ONNX creation done
TensorRT engines created
TensorRT engines evaluated
Baseline and ONNX creation done
TensorRT engines created
TensorRT engines evaluated
Baseline and ONNX creation done
TensorRT engines created
TensorRT engines evaluated
Baseline and ONNX creation done
TensorRT engines created
TensorRT engines evaluated
Baseline and ONNX creation done
TensorRT engines created
TensorRT engines evaluated
Baseline and ONNX creation done
TensorRT engines created
TensorRT engines evaluated
baseline and onnx creation done
tensorrt engines created
tensorrt engines evaluated
baseline and onnx creation done
tensorrt engines created
tensorrt engines evaluated
baseline and onnx creation done
tensorrt engines created
tensorrt engines evaluated
baseline and onnx creation done
tensorrt engines created
tensorrt engines evaluated
baseline and onnx creation done
tensorrt engines created
tensorrt engines evaluated
baseline and onnx creation done
tensorrt engines created
tensorrt engines evaluated
baseline and onnx creation done
tensorrt engines created
tensorrt engines evaluated
baseline and onnx creation done
tensorrt engines created
tensorrt engines evaluated
baseline and onnx creation done
tensorrt engines created
tensorrt engines evaluated
baseline and onnx creation done
tensorrt engines created
tensorrt engines evaluated
baseline and onnx creation done
tensorrt engines created
tensorrt engines evaluated
baseline and onnx creation done
tensorrt engines created
tensorrt engines evaluated
baseline and onnx creation done
tensorrt engines created
tensorrt engines evaluated
baseline and onnx creation done
tensorrt engines created
tensorrt engines evaluated
baseline and onnx creation done
tensorrt engines created
tensorrt engines evaluated
baseline and onnx creation done
tensorrt engines created
tensorrt engines evaluated
baseline and onnx creation done
tensorrt engines created
tensorrt engines evaluated
baseline and onnx creation done
tensorrt engines created
tensorrt engines evaluated
baseline and onnx creation done
tensorrt engines created
tensorrt engines evaluated
baseline and onnx creation done
tensorrt engines created
tensorrt engines evaluated
baseline and onnx creation done
tensorrt engines created
tensorrt engines evaluated
baseline and onnx creation done
tensorrt engines created
tensorrt engines evaluated
baseline and onnx creation done
tensorrt engines created
tensorrt engines evaluated
baseline and onnx creation done
tensorrt engines created
tensorrt engines evaluated
